warning: unused import: `Value::Integer`
  --> common/src/lib.rs:61:23
   |
61 |         cbor::{Value, Value::Integer},
   |                       ^^^^^^^^^^^^^^
   |
   = note: `#[warn(unused_imports)]` on by default

warning: unused variable: `ptr`
   --> common/src/lib.rs:287:27
    |
287 |         fn from_raw_bytes(ptr: *const u8) -> Self {
    |                           ^^^ help: if this is intentional, prefix it with an underscore: `_ptr`
    |
    = note: `#[warn(unused_variables)]` on by default

warning: unused variable: `e`
   --> common/src/lib.rs:381:27
    |
381 |                 .map_err(|e| coset::CoseError::EncodeFailed)?;
    |                           ^ help: if this is intentional, prefix it with an underscore: `_e`

warning: fields `platform_public_key`, `manufacturer_id`, and `platform_state` are never read
   --> common/src/lib.rs:505:9
    |
504 |     struct PlatformClaims {
    |            -------------- fields in this struct
505 |         platform_public_key: Vec<u8>,
    |         ^^^^^^^^^^^^^^^^^^^
506 |         manufacturer_id: [u8; 64],
    |         ^^^^^^^^^^^^^^^
507 |         platform_state: PlatformState,
    |         ^^^^^^^^^^^^^^
    |
    = note: `PlatformClaims` has derived impls for the traits `Clone` and `Debug`, but these are intentionally ignored during dead code analysis
    = note: `#[warn(dead_code)]` on by default

warning: unknown and unstable feature specified for `-Ctarget-feature`: `h`
  |
  = note: it is still passed through to the codegen backend, but use of this feature might be unsound and the behavior of this feature can change in the future
  = help: consider filing a feature request

warning: unused import: `SbiRet`
 --> tsm/src/hyper.rs:4:21
  |
4 |     sbi::{sbi_call, SbiRet, COVG_EXTENSION, PAGE_SIZE},
  |                     ^^^^^^
  |
  = note: `#[warn(unused_imports)]` on by default

warning: unused import: `num`
 --> tsm/src/hyper.rs:6:27
  |
6 | use core::{alloc::Layout, num};
  |                           ^^^

warning: unused imports: `read_cycle`, `self`, and `self`
  --> tsm/src/hyper.rs:26:12
   |
26 |     perf::{self, read_cycle},
   |            ^^^^  ^^^^^^^^^^
27 |     println,
28 |     sbi::{self, handle_covg},
   |           ^^^^

warning: unused import: `PAGE_SIZE`
 --> tsm/src/sbi.rs:3:38
  |
3 |     sbi::{SbiRet, COVG_GET_EVIDENCE, PAGE_SIZE},
  |                                      ^^^^^^^^^

warning: unused import: `STATE`
 --> tsm/src/sbi.rs:8:48
  |
8 |     println, ATTESTATION_CONTEXT, MEASUREMENT, STATE,
  |                                                ^^^^^

warning: field `info` is never read
   --> tsm/src/main.rs:121:5
    |
120 | pub struct TsmState {
    |            -------- field in this struct
121 |     info: TsmInfo,
    |     ^^^^
    |
    = note: `#[warn(dead_code)]` on by default

warning: function `main` is never used
   --> tsm/src/main.rs:188:4
    |
188 | fn main(
    |    ^^^^

warning: function `handle_covh` is never used
   --> tsm/src/main.rs:218:4
    |
218 | fn handle_covh(
    |    ^^^^^^^^^^^

warning: function `test_tvm_bootstrap_perf` is never used
   --> tsm/src/main.rs:381:4
    |
381 | fn test_tvm_bootstrap_perf() -> ! {
    |    ^^^^^^^^^^^^^^^^^^^^^^^

warning: variants `External`, `Timer`, and `Software` are never constructed
  --> tsm/src/h_extension/csrs.rs:89:5
   |
87 | pub enum VsInterruptKind {
   |          --------------- variants in this enum
88 |     /// VS-level external interrupts (bit 10)
89 |     External = 1 << 10,
   |     ^^^^^^^^
90 |     /// VS-level timer interrupts (bit 6)
91 |     Timer = 1 << 6,
   |     ^^^^^
92 |     /// VS-level software interrupts (bit 2)
93 |     Software = 1 << 2,
   |     ^^^^^^^^

warning: static `PAGE_FAULT_COUNTER` is never used
    --> tsm/src/hyper.rs:1100:12
     |
1100 | static mut PAGE_FAULT_COUNTER: usize = 0;
     |            ^^^^^^^^^^^^^^^^^^

warning: function `bootstrap_load_elf` is never used
    --> tsm/src/hyper.rs:1373:8
     |
1373 | pub fn bootstrap_load_elf(
     |        ^^^^^^^^^^^^^^^^^^

warning: function `read_cycle` is never used
 --> tsm/src/perf.rs:2:8
  |
2 | pub fn read_cycle() -> u64 {
  |        ^^^^^^^^^^

warning: function `read_instret` is never used
  --> tsm/src/perf.rs:11:8
   |
11 | pub fn read_instret() -> u64 {
   |        ^^^^^^^^^^^^

warning: function `read_time` is never used
  --> tsm/src/perf.rs:20:8
   |
20 | pub fn read_time() -> u64 {
   |        ^^^^^^^^^

warning: enum `TsmPageType` is never used
  --> tsm/src/state.rs:17:10
   |
17 | pub enum TsmPageType {
   |          ^^^^^^^^^^^

warning: variants `TsmNotLoaded` and `TsmLoaded` are never constructed
  --> tsm/src/state.rs:26:5
   |
25 | pub enum TsmStatus {
   |          --------- variants in this enum
26 |     TsmNotLoaded = 0,
   |     ^^^^^^^^^^^^
27 |     TsmLoaded = 1,
   |     ^^^^^^^^^
   |
   = note: `TsmStatus` has derived impls for the traits `Debug` and `Clone`, but these are intentionally ignored during dead code analysis
