===== TVM LINUX: QEMU -> TSM -> guest Linux, host CPU 0 =====

OpenSBI v1.8.1
   ____                    _____ ____ _____
  / __ \                  / ____|  _ \_   _|
 | |  | |_ __   ___ _ __ | (___ | |_) || |
 | |  | | '_ \ / _ \ '_ \ \___ \|  _ < | |
 | |__| | |_) |  __/ | | |____) | |_) || |_
  \____/| .__/ \___|_| |_|_____/|____/_____|
        | |
        |_|

Platform Name               : riscv-virtio,qemu
Platform Features           : medeleg
Platform HART Count         : 1
Platform HART Protection    : pmp
Platform IPI Device         : aclint-mswi
Platform Timer Device       : aclint-mtimer @ 10000000Hz
Platform Console Device     : uart8250
Platform HSM Device         : ---
Platform PMU Device         : ---
Platform Reboot Device      : syscon-reboot
Platform Shutdown Device    : syscon-poweroff
Platform Suspend Device     : ---
Platform CPPC Device        : ---
Firmware Base               : 0x80000000
Firmware Size               : 321 KB
Firmware RW Offset          : 0x40000
Firmware RW Size            : 65 KB
Firmware Heap Offset        : 0x47000
Firmware Heap Size          : 37 KB (total), 0 KB (reserved), 12 KB (used), 23 KB (free)
Firmware Scratch Size       : 4096 B (total), 1464 B (used), 2632 B (free)
Runtime SBI Version         : 3.0
Standard SBI Extensions     : time,rfnc,ipi,base,hsm,srst,pmu,dbcn,fwft,legacy,dbtr,sse
Experimental SBI Extensions : none

Domain0 Name                : root
Domain0 Boot HART           : 0
Domain0 HARTs               : 0*
Domain0 Region00            : 0x0000000080040000-0x000000008005ffff M: (F,R,W) S/U: ()
Domain0 Region01            : 0x0000000080000000-0x000000008003ffff M: (F,R,X) S/U: ()
Domain0 Region02            : 0x0000000000100000-0x0000000000100fff M: (I,R,W) S/U: (R,W)
Domain0 Region03            : 0x0000000010000000-0x0000000010000fff M: (I,R,W) S/U: (R,W)
Domain0 Region04            : 0x0000000002000000-0x000000000200ffff M: (I,R,W) S/U: ()
Domain0 Region05            : 0x000000000c400000-0x000000000c5fffff M: (I,R,W) S/U: (R,W)
Domain0 Region06            : 0x000000000c000000-0x000000000c3fffff M: (I,R,W) S/U: (R,W)
Domain0 Region07            : 0x0000000000000000-0xffffffffffffffff M: () S/U: (R,W,X)
Domain0 Next Address        : 0x0000000090000000
Domain0 Next Arg1           : 0x00000000bfe00000
Domain0 Next Mode           : S-mode
Domain0 SysReset            : yes
Domain0 SysSuspend          : yes

Boot HART ID                : 0
Boot HART Domain            : root
Boot HART Priv Version      : v1.12
Boot HART Base ISA          : rv64imafdch
Boot HART ISA Extensions    : sstc,zicntr,zihpm,zicboz,zicbom,sdtrig,svadu
Boot HART PMP Count         : 16
Boot HART PMP Granularity   : 2 bits
Boot HART PMP Address Bits  : 54
Boot HART MHPM Info         : 16 (0x0007fff8)
Boot HART Debug Triggers    : 2 triggers
Boot HART MIDELEG           : 0x0000000000001666
Boot HART MEDELEG           : 0x0000000000f4b509
[OLORIN] Starting Mapping TVM from ELF
[OLORIN] no lazy mode -> no page faults
[OLORIN] created TVM with id 0
[OLORIN] created TVM memory region: 0x200000 - 0x10200000
[OLORIN] created TVM MMIO memory region: 0x18000000 - 0x18001000
[OLORIN] Guest entrypoint: 0x200000
[OLORIN] Guest dtb at : 0x101ff000
[OLORIN] Bootstrap complete. Entering Guest...
Linux version 7.1.0 (giuseppe@taurino) (riscv64-unknown-linux-gnu-gcc (g1b306039a) 15.1.0, GNU ld (GNU Binutils) 2.45) #10 PREEMPT Wed Aug 12 14:03:50 CEST 2026
Machine model: riscv-virtio,qemu
SBI specification v3.0 detected
SBI implementation ID=0x1 Version=0x10008
SBI TIME extension detected
SBI IPI extension detected
SBI RFENCE extension detected
SBI SRST extension detected
SBI DBCN extension detected
SBI FWFT extension detected
earlycon: uart8250 at MMIO 0x0000000018000000 (options '')
printk: legacy bootconsole [uart8250] enabled
efi: UEFI not found.
OF: reserved mem: Reserved memory: No reserved-memory node in the DT
riscv: base ISA extensions cdfim
riscv: ELF capabilities cdfim
Ticket spinlock: enabled
Zone ranges:
  DMA32    [mem 0x0000000000200000-0x00000000101fffff]
  Normal   empty
Movable zone start for each node
Early memory node ranges
  node   0: [mem 0x0000000000200000-0x00000000101fffff]
Initmem setup node 0 [mem 0x0000000000200000-0x00000000101fffff]
On node 0, zone DMA32: 512 pages in unavailable ranges
Kernel command line: earlycon=uart8250,mmio,0x18000000 console=ttyS0,115200 rv8.mode=tvm
printk: log buffer data + meta data: 131072 + 458752 = 589824 bytes
Dentry cache hash table entries: 32768 (order: 6, 262144 bytes, linear)
Inode-cache hash table entries: 16384 (order: 5, 131072 bytes, linear)
Built 1 zonelists, mobility grouping on.  Total pages: 65536
mem auto-init: stack:all(zero), heap alloc:off, heap free:off
SLUB: HWalign=64, Order=0-1, MinObjects=0, CPUs=1, Nodes=1
NR_IRQS: 64, nr_irqs: 64, preallocated irqs: 0
riscv-intc: 64 local interrupts mapped
clocksource: riscv_clocksource: mask: 0xffffffffffffffff max_cycles: 0x24e6a1710, max_idle_ns: 440795202120 ns
sched_clock: 64 bits at 10MHz, resolution 100ns, wraps every 4398046511100ns
riscv-timer: Timer interrupt in S-mode is available via sstc extension
Console: colour dummy device 80x25
Calibrating delay loop (skipped), value calculated using timer frequency.. 20.00 BogoMIPS (lpj=40000)
pid_max: default: 32768 minimum: 301
Mount-cache hash table entries: 512 (order: 0, 4096 bytes, linear)
Mountpoint-cache hash table entries: 512 (order: 0, 4096 bytes, linear)
VFS: Finished mounting rootfs on nullfs
ASID allocator using 16 bits (65536 entries)
EFI services will not be available.
Memory: 248344K/262144K available (2119K kernel code, 615K rwdata, 366K rodata, 249K init, 248K bss, 13132K reserved, 0K cma-reserved)
devtmpfs: initialized
clocksource: jiffies: mask: 0xffffffff max_cycles: 0xffffffff, max_idle_ns: 7645041785100000 ns
posixtimers hash table entries: 512 (order: 0, 4096 bytes, linear)
futex hash table entries: 256 (8192 bytes on 1 NUMA nodes, total 8 KiB, linear).
NET: Registered PF_NETLINK/PF_ROUTE protocol family
clocksource: Switched to clocksource riscv_clocksource
NET: Registered PF_INET protocol family
IP idents hash table entries: 4096 (order: 3, 32768 bytes, linear)
tcp_listen_portaddr_hash hash table entries: 512 (order: 0, 4096 bytes, linear)
Table-perturb hash table entries: 65536 (order: 6, 262144 bytes, linear)
TCP established hash table entries: 2048 (order: 2, 16384 bytes, linear)
TCP bind hash table entries: 2048 (order: 3, 32768 bytes, linear)
TCP: Hash tables configured (established 2048 bind 2048)
UDP hash table entries: 256 (order: 2, 16384 bytes, linear)
workingset: timestamp_bits=62 (anon: 58) max_order=16 bucket_order=0 (anon: 0)
Unpacking initramfs...
Serial: 8250/16550 driver, 4 ports, IRQ sharing disabled
of_serial 18000000.serial: error -6: IRQ index 0 not found
printk: legacy console [ttyS0] disabled
18000000.serial: ttyS0 at MMIO 0x18000000 (irq = 0, base_baud = 230400) is a 16550A
printk: legacy console [ttyS0] enabled
printk: legacy console [ttyS0] enabled
printk: legacy bootconsole [uart8250] disabled
printk: legacy bootconsole [uart8250] disabled
NET: Registered PF_INET6 protocol family
Segment Routing with IPv6
In-situ OAM (IOAM) with IPv6
sit: IPv6, IPv4 and MPLS over IPv4 tunneling driver
cpu0: scalar unaligned word access speed is 64.68x byte access speed (fast)
Legacy PMU implementation is available
clk: Disabling unused clocks
Freeing initrd memory: 4920K
Freeing unused kernel image (initmem) memory: 248K
Kernel memory protection not selected by kernel config.
Run /init as init process
0
RV8_RESULT,tvm,aes,1,10.00,7.04,2.95,0
0
RV8_RESULT,tvm,aes,2,10.09,7.07,3.01,0
0
RV8_RESULT,tvm,aes,3,10.00,7.17,2.83,0
0
RV8_RESULT,tvm,aes,4,10.09,7.12,2.95,0
0
RV8_RESULT,tvm,aes,5,10.08,7.09,2.98,0
0
RV8_RESULT,tvm,aes,6,10.04,7.01,3.03,0
0
RV8_RESULT,tvm,aes,7,10.06,7.19,2.87,0
0
RV8_RESULT,tvm,aes,8,10.01,7.27,2.73,0
random: crng init done
0
RV8_RESULT,tvm,aes,9,9.99,6.98,3.00,0
0
RV8_RESULT,tvm,aes,10,10.02,7.09,2.92,0
0
RV8_RESULT,tvm,aes,11,9.95,6.91,3.03,0
0
RV8_RESULT,tvm,aes,12,10.03,7.05,2.97,0
0
RV8_RESULT,tvm,aes,13,9.98,7.10,2.88,0
0
RV8_RESULT,tvm,aes,14,10.08,7.19,2.88,0
0
RV8_RESULT,tvm,aes,15,9.96,7.10,2.86,0
0
RV8_RESULT,tvm,aes,16,9.97,6.90,3.06,0
0
RV8_RESULT,tvm,aes,17,9.95,6.98,2.97,0
0
RV8_RESULT,tvm,aes,18,10.00,7.11,2.89,0
0
RV8_RESULT,tvm,aes,19,9.96,6.94,3.02,0
0
RV8_RESULT,tvm,aes,20,10.04,7.10,2.93,0
0
RV8_RESULT,tvm,aes,21,9.95,6.95,2.99,0
0
RV8_RESULT,tvm,aes,22,10.64,7.93,2.70,0
0
RV8_RESULT,tvm,aes,23,9.99,6.99,3.00,0
0
RV8_RESULT,tvm,aes,24,10.04,7.03,2.99,0
0
RV8_RESULT,tvm,aes,25,9.98,7.01,2.96,0
0
RV8_RESULT,tvm,aes,26,10.02,7.05,2.96,0
0
RV8_RESULT,tvm,aes,27,9.99,7.05,2.94,0
0
RV8_RESULT,tvm,aes,28,10.01,7.09,2.92,0
0
RV8_RESULT,tvm,aes,29,10.03,7.00,3.03,0
0
RV8_RESULT,tvm,aes,30,10.03,7.10,2.92,0
23 ^ 111121 has 151317 digits
RV8_RESULT,tvm,bigint,1,3.09,3.02,0.06,0
23 ^ 111121 has 151317 digits
RV8_RESULT,tvm,bigint,2,3.04,2.99,0.04,0
23 ^ 111121 has 151317 digits
RV8_RESULT,tvm,bigint,3,3.03,2.98,0.05,0
23 ^ 111121 has 151317 digits
RV8_RESULT,tvm,bigint,4,3.07,3.02,0.05,0
23 ^ 111121 has 151317 digits
RV8_RESULT,tvm,bigint,5,3.05,3.00,0.05,0
23 ^ 111121 has 151317 digits
RV8_RESULT,tvm,bigint,6,3.05,2.99,0.05,0
23 ^ 111121 has 151317 digits
RV8_RESULT,tvm,bigint,7,3.04,2.98,0.05,0
23 ^ 111121 has 151317 digits
RV8_RESULT,tvm,bigint,8,3.05,3.00,0.05,0
23 ^ 111121 has 151317 digits
RV8_RESULT,tvm,bigint,9,3.03,2.97,0.05,0
23 ^ 111121 has 151317 digits
RV8_RESULT,tvm,bigint,10,3.05,2.99,0.05,0
23 ^ 111121 has 151317 digits
RV8_RESULT,tvm,bigint,11,3.03,2.98,0.05,0
23 ^ 111121 has 151317 digits
RV8_RESULT,tvm,bigint,12,3.03,2.97,0.05,0
23 ^ 111121 has 151317 digits
RV8_RESULT,tvm,bigint,13,3.05,3.00,0.05,0
23 ^ 111121 has 151317 digits
RV8_RESULT,tvm,bigint,14,3.03,2.97,0.05,0
23 ^ 111121 has 151317 digits
RV8_RESULT,tvm,bigint,15,3.03,2.99,0.03,0
23 ^ 111121 has 151317 digits
RV8_RESULT,tvm,bigint,16,3.05,3.00,0.04,0
23 ^ 111121 has 151317 digits
RV8_RESULT,tvm,bigint,17,3.05,3.00,0.04,0
23 ^ 111121 has 151317 digits
RV8_RESULT,tvm,bigint,18,3.03,2.97,0.05,0
23 ^ 111121 has 151317 digits
RV8_RESULT,tvm,bigint,19,3.05,2.99,0.05,0
23 ^ 111121 has 151317 digits
RV8_RESULT,tvm,bigint,20,3.04,2.99,0.04,0
23 ^ 111121 has 151317 digits
RV8_RESULT,tvm,bigint,21,3.04,3.00,0.03,0
23 ^ 111121 has 151317 digits
RV8_RESULT,tvm,bigint,22,3.03,2.99,0.03,0
23 ^ 111121 has 151317 digits
RV8_RESULT,tvm,bigint,23,3.03,2.97,0.05,0
23 ^ 111121 has 151317 digits
RV8_RESULT,tvm,bigint,24,3.03,2.97,0.05,0
23 ^ 111121 has 151317 digits
RV8_RESULT,tvm,bigint,25,3.03,2.98,0.04,0
23 ^ 111121 has 151317 digits
RV8_RESULT,tvm,bigint,26,3.04,2.97,0.05,0
23 ^ 111121 has 151317 digits
RV8_RESULT,tvm,bigint,27,3.04,2.98,0.05,0
23 ^ 111121 has 151317 digits
RV8_RESULT,tvm,bigint,28,3.04,2.98,0.05,0
23 ^ 111121 has 151317 digits
RV8_RESULT,tvm,bigint,29,3.03,2.96,0.06,0
23 ^ 111121 has 151317 digits
RV8_RESULT,tvm,bigint,30,3.04,2.98,0.05,0
Dhrystone(1.1-mc), 10000000 passes, 7347083 microseconds, 773 DMIPS
RV8_RESULT,tvm,dhrystone,1,7.38,7.37,0.01,0
Dhrystone(1.1-mc), 10000000 passes, 7347612 microseconds, 773 DMIPS
RV8_RESULT,tvm,dhrystone,2,7.36,7.35,0.01,0
Dhrystone(1.1-mc), 10000000 passes, 7345746 microseconds, 773 DMIPS
RV8_RESULT,tvm,dhrystone,3,7.36,7.34,0.01,0
Dhrystone(1.1-mc), 10000000 passes, 7363429 microseconds, 771 DMIPS
RV8_RESULT,tvm,dhrystone,4,7.38,7.36,0.01,0
Dhrystone(1.1-mc), 10000000 passes, 7362909 microseconds, 771 DMIPS
RV8_RESULT,tvm,dhrystone,5,7.38,7.36,0.01,0
Dhrystone(1.1-mc), 10000000 passes, 7368922 microseconds, 770 DMIPS
RV8_RESULT,tvm,dhrystone,6,7.38,7.36,0.01,0
Dhrystone(1.1-mc), 10000000 passes, 7351490 microseconds, 772 DMIPS
RV8_RESULT,tvm,dhrystone,7,7.36,7.35,0.01,0
Dhrystone(1.1-mc), 10000000 passes, 8516786 microseconds, 666 DMIPS
RV8_RESULT,tvm,dhrystone,8,8.53,8.51,0.01,0
Dhrystone(1.1-mc), 10000000 passes, 7356925 microseconds, 772 DMIPS
RV8_RESULT,tvm,dhrystone,9,7.37,7.35,0.01,0
Dhrystone(1.1-mc), 10000000 passes, 7344926 microseconds, 773 DMIPS
RV8_RESULT,tvm,dhrystone,10,7.36,7.34,0.01,0
Dhrystone(1.1-mc), 10000000 passes, 7353094 microseconds, 772 DMIPS
RV8_RESULT,tvm,dhrystone,11,7.36,7.35,0.01,0
Dhrystone(1.1-mc), 10000000 passes, 9143576 microseconds, 621 DMIPS
RV8_RESULT,tvm,dhrystone,12,9.16,9.14,0.01,0
Dhrystone(1.1-mc), 10000000 passes, 7435305 microseconds, 763 DMIPS
RV8_RESULT,tvm,dhrystone,13,7.45,7.43,0.01,0
Dhrystone(1.1-mc), 10000000 passes, 7345281 microseconds, 773 DMIPS
RV8_RESULT,tvm,dhrystone,14,7.36,7.34,0.01,0
Dhrystone(1.1-mc), 10000000 passes, 7341187 microseconds, 773 DMIPS
RV8_RESULT,tvm,dhrystone,15,7.35,7.33,0.01,0
Dhrystone(1.1-mc), 10000000 passes, 7343187 microseconds, 773 DMIPS
RV8_RESULT,tvm,dhrystone,16,7.36,7.34,0.01,0
Dhrystone(1.1-mc), 10000000 passes, 7345298 microseconds, 773 DMIPS
RV8_RESULT,tvm,dhrystone,17,7.36,7.34,0.01,0
Dhrystone(1.1-mc), 10000000 passes, 9717238 microseconds, 584 DMIPS
RV8_RESULT,tvm,dhrystone,18,9.73,9.71,0.01,0
Dhrystone(1.1-mc), 10000000 passes, 7347460 microseconds, 773 DMIPS
RV8_RESULT,tvm,dhrystone,19,7.36,7.34,0.01,0
Dhrystone(1.1-mc), 10000000 passes, 7343389 microseconds, 773 DMIPS
RV8_RESULT,tvm,dhrystone,20,7.36,7.35,0.00,0
Dhrystone(1.1-mc), 10000000 passes, 7346992 microseconds, 773 DMIPS
RV8_RESULT,tvm,dhrystone,21,7.36,7.34,0.01,0
Dhrystone(1.1-mc), 10000000 passes, 7376913 microseconds, 769 DMIPS
RV8_RESULT,tvm,dhrystone,22,7.39,7.37,0.01,0
Dhrystone(1.1-mc), 10000000 passes, 7333480 microseconds, 774 DMIPS
RV8_RESULT,tvm,dhrystone,23,7.35,7.33,0.01,0
Dhrystone(1.1-mc), 10000000 passes, 7340785 microseconds, 773 DMIPS
RV8_RESULT,tvm,dhrystone,24,7.35,7.33,0.01,0
Dhrystone(1.1-mc), 10000000 passes, 7338249 microseconds, 774 DMIPS
RV8_RESULT,tvm,dhrystone,25,7.35,7.34,0.01,0
Dhrystone(1.1-mc), 10000000 passes, 7366898 microseconds, 771 DMIPS
RV8_RESULT,tvm,dhrystone,26,7.38,7.36,0.01,0
Dhrystone(1.1-mc), 10000000 passes, 7369891 microseconds, 770 DMIPS
RV8_RESULT,tvm,dhrystone,27,7.38,7.37,0.01,0
Dhrystone(1.1-mc), 10000000 passes, 7369126 microseconds, 770 DMIPS
RV8_RESULT,tvm,dhrystone,28,7.38,7.37,0.01,0
Dhrystone(1.1-mc), 10000000 passes, 7365961 microseconds, 771 DMIPS
RV8_RESULT,tvm,dhrystone,29,7.38,7.36,0.01,0
Dhrystone(1.1-mc), 10000000 passes, 7350804 microseconds, 772 DMIPS
RV8_RESULT,tvm,dhrystone,30,7.36,7.34,0.01,0
miniz.c version: 10.0.0
Compressed from 8388608 to 3218050 bytes
Decompressed from 3218050 to 8388608 bytes
Success.
RV8_RESULT,tvm,miniz,1,9.22,8.61,0.61,0
miniz.c version: 10.0.0
Compressed from 8388608 to 3218050 bytes
Decompressed from 3218050 to 8388608 bytes
Success.
RV8_RESULT,tvm,miniz,2,9.21,8.58,0.62,0
miniz.c version: 10.0.0
Compressed from 8388608 to 3218050 bytes
Decompressed from 3218050 to 8388608 bytes
Success.
RV8_RESULT,tvm,miniz,3,9.18,8.64,0.54,0
miniz.c version: 10.0.0
Compressed from 8388608 to 3218050 bytes
Decompressed from 3218050 to 8388608 bytes
Success.
RV8_RESULT,tvm,miniz,4,10.03,9.43,0.59,0
miniz.c version: 10.0.0
Compressed from 8388608 to 3218050 bytes
Decompressed from 3218050 to 8388608 bytes
Success.
RV8_RESULT,tvm,miniz,5,9.96,9.43,0.52,0
miniz.c version: 10.0.0
Compressed from 8388608 to 3218050 bytes
Decompressed from 3218050 to 8388608 bytes
Success.
RV8_RESULT,tvm,miniz,6,9.20,8.61,0.59,0
miniz.c version: 10.0.0
Compressed from 8388608 to 3218050 bytes
Decompressed from 3218050 to 8388608 bytes
Success.
RV8_RESULT,tvm,miniz,7,9.21,8.62,0.58,0
miniz.c version: 10.0.0
Compressed from 8388608 to 3218050 bytes
Decompressed from 3218050 to 8388608 bytes
Success.
RV8_RESULT,tvm,miniz,8,9.50,8.88,0.61,0
miniz.c version: 10.0.0
Compressed from 8388608 to 3218050 bytes
Decompressed from 3218050 to 8388608 bytes
Success.
RV8_RESULT,tvm,miniz,9,9.19,8.57,0.61,0
miniz.c version: 10.0.0
Compressed from 8388608 to 3218050 bytes
Decompressed from 3218050 to 8388608 bytes
Success.
RV8_RESULT,tvm,miniz,10,9.93,9.32,0.60,0
miniz.c version: 10.0.0
Compressed from 8388608 to 3218050 bytes
Decompressed from 3218050 to 8388608 bytes
Success.
RV8_RESULT,tvm,miniz,11,9.46,8.92,0.53,0
miniz.c version: 10.0.0
Compressed from 8388608 to 3218050 bytes
Decompressed from 3218050 to 8388608 bytes
Success.
RV8_RESULT,tvm,miniz,12,9.19,8.63,0.56,0
miniz.c version: 10.0.0
Compressed from 8388608 to 3218050 bytes
Decompressed from 3218050 to 8388608 bytes
Success.
RV8_RESULT,tvm,miniz,13,9.97,9.43,0.53,0
miniz.c version: 10.0.0
Compressed from 8388608 to 3218050 bytes
Decompressed from 3218050 to 8388608 bytes
Success.
RV8_RESULT,tvm,miniz,14,9.23,8.61,0.61,0
miniz.c version: 10.0.0
Compressed from 8388608 to 3218050 bytes
Decompressed from 3218050 to 8388608 bytes
Success.
RV8_RESULT,tvm,miniz,15,9.64,9.10,0.53,0
miniz.c version: 10.0.0
Compressed from 8388608 to 3218050 bytes
Decompressed from 3218050 to 8388608 bytes
Success.
RV8_RESULT,tvm,miniz,16,9.21,8.60,0.61,0
miniz.c version: 10.0.0
Compressed from 8388608 to 3218050 bytes
Decompressed from 3218050 to 8388608 bytes
Success.
RV8_RESULT,tvm,miniz,17,9.17,8.47,0.69,0
miniz.c version: 10.0.0
Compressed from 8388608 to 3218050 bytes
Decompressed from 3218050 to 8388608 bytes
Success.
RV8_RESULT,tvm,miniz,18,9.35,8.69,0.65,0
miniz.c version: 10.0.0
Compressed from 8388608 to 3218050 bytes
Decompressed from 3218050 to 8388608 bytes
Success.
RV8_RESULT,tvm,miniz,19,9.20,8.65,0.53,0
miniz.c version: 10.0.0
Compressed from 8388608 to 3218050 bytes
Decompressed from 3218050 to 8388608 bytes
Success.
RV8_RESULT,tvm,miniz,20,9.61,8.99,0.62,0
miniz.c version: 10.0.0
Compressed from 8388608 to 3218050 bytes
Decompressed from 3218050 to 8388608 bytes
Success.
RV8_RESULT,tvm,miniz,21,9.51,8.99,0.51,0
miniz.c version: 10.0.0
Compressed from 8388608 to 3218050 bytes
Decompressed from 3218050 to 8388608 bytes
Success.
RV8_RESULT,tvm,miniz,22,9.25,8.62,0.62,0
miniz.c version: 10.0.0
Compressed from 8388608 to 3218050 bytes
Decompressed from 3218050 to 8388608 bytes
Success.
RV8_RESULT,tvm,miniz,23,9.23,8.57,0.65,0
miniz.c version: 10.0.0
Compressed from 8388608 to 3218050 bytes
Decompressed from 3218050 to 8388608 bytes
Success.
RV8_RESULT,tvm,miniz,24,9.53,8.92,0.61,0
miniz.c version: 10.0.0
Compressed from 8388608 to 3218050 bytes
Decompressed from 3218050 to 8388608 bytes
Success.
RV8_RESULT,tvm,miniz,25,9.22,8.65,0.57,0
miniz.c version: 10.0.0
Compressed from 8388608 to 3218050 bytes
Decompressed from 3218050 to 8388608 bytes
Success.
RV8_RESULT,tvm,miniz,26,9.31,8.72,0.59,0
miniz.c version: 10.0.0
Compressed from 8388608 to 3218050 bytes
Decompressed from 3218050 to 8388608 bytes
Success.
RV8_RESULT,tvm,miniz,27,9.21,8.60,0.61,0
miniz.c version: 10.0.0
Compressed from 8388608 to 3218050 bytes
Decompressed from 3218050 to 8388608 bytes
Success.
RV8_RESULT,tvm,miniz,28,9.45,8.84,0.60,0
miniz.c version: 10.0.0
Compressed from 8388608 to 3218050 bytes
Decompressed from 3218050 to 8388608 bytes
Success.
RV8_RESULT,tvm,miniz,29,9.37,8.77,0.60,0
miniz.c version: 10.0.0
Compressed from 8388608 to 3218050 bytes
Decompressed from 3218050 to 8388608 bytes
Success.
RV8_RESULT,tvm,miniz,30,9.18,8.56,0.61,0
0
RV8_RESULT,tvm,norx,1,4.56,1.74,2.81,0
0
RV8_RESULT,tvm,norx,2,4.60,1.69,2.90,0
0
RV8_RESULT,tvm,norx,3,4.60,1.73,2.87,0
0
RV8_RESULT,tvm,norx,4,4.64,1.69,2.94,0
0
RV8_RESULT,tvm,norx,5,4.56,1.70,2.85,0
0
RV8_RESULT,tvm,norx,6,4.62,1.72,2.89,0
0
RV8_RESULT,tvm,norx,7,4.54,1.77,2.77,0
0
RV8_RESULT,tvm,norx,8,4.59,1.62,2.96,0
0
RV8_RESULT,tvm,norx,9,4.59,1.72,2.86,0
0
RV8_RESULT,tvm,norx,10,4.61,1.67,2.94,0
0
RV8_RESULT,tvm,norx,11,4.60,1.75,2.84,0
0
RV8_RESULT,tvm,norx,12,4.63,1.78,2.85,0
0
RV8_RESULT,tvm,norx,13,4.54,1.67,2.86,0
0
RV8_RESULT,tvm,norx,14,4.58,1.61,2.96,0
0
RV8_RESULT,tvm,norx,15,4.61,1.60,3.00,0
0
RV8_RESULT,tvm,norx,16,4.62,1.65,2.96,0
0
RV8_RESULT,tvm,norx,17,4.60,1.54,3.05,0
0
RV8_RESULT,tvm,norx,18,4.63,1.66,2.96,0
0
RV8_RESULT,tvm,norx,19,4.55,1.73,2.81,0
0
RV8_RESULT,tvm,norx,20,4.66,1.80,2.85,0
0
RV8_RESULT,tvm,norx,21,4.56,1.79,2.76,0
0
RV8_RESULT,tvm,norx,22,4.58,1.69,2.89,0
0
RV8_RESULT,tvm,norx,23,4.63,1.65,2.97,0
0
RV8_RESULT,tvm,norx,24,4.61,1.72,2.89,0
0
RV8_RESULT,tvm,norx,25,4.55,1.68,2.87,0
0
RV8_RESULT,tvm,norx,26,4.60,1.71,2.88,0
0
RV8_RESULT,tvm,norx,27,4.56,1.61,2.94,0
0
RV8_RESULT,tvm,norx,28,4.60,1.66,2.93,0
0
RV8_RESULT,tvm,norx,29,4.57,1.76,2.80,0
0
RV8_RESULT,tvm,norx,30,4.66,1.73,2.92,0
33333331
RV8_RESULT,tvm,primes,1,266.02,265.79,0.22,0
33333331
RV8_RESULT,tvm,primes,2,266.59,266.35,0.22,0
33333331
RV8_RESULT,tvm,primes,3,265.74,265.50,0.23,0
33333331
RV8_RESULT,tvm,primes,4,266.43,266.23,0.19,0
33333331
RV8_RESULT,tvm,primes,5,266.35,266.12,0.21,0
33333331
RV8_RESULT,tvm,primes,6,266.04,265.81,0.21,0
33333331
RV8_RESULT,tvm,primes,7,266.29,266.07,0.20,0
33333331
RV8_RESULT,tvm,primes,8,265.29,265.03,0.24,0
33333331
RV8_RESULT,tvm,primes,9,266.62,266.40,0.20,0
33333331
RV8_RESULT,tvm,primes,10,265.16,264.91,0.23,0
33333331
RV8_RESULT,tvm,primes,11,264.64,264.40,0.23,0
33333331
RV8_RESULT,tvm,primes,12,265.77,265.51,0.25,0
33333331
RV8_RESULT,tvm,primes,13,265.11,264.86,0.23,0
33333331
RV8_RESULT,tvm,primes,14,264.76,264.49,0.25,0
33333331
RV8_RESULT,tvm,primes,15,265.21,264.96,0.24,0
33333331
RV8_RESULT,tvm,primes,16,264.86,264.59,0.25,0
33333331
RV8_RESULT,tvm,primes,17,265.82,265.57,0.23,0
33333331
RV8_RESULT,tvm,primes,18,265.16,264.95,0.20,0
33333331
RV8_RESULT,tvm,primes,19,265.03,264.76,0.25,0
33333331
RV8_RESULT,tvm,primes,20,264.22,263.98,0.23,0
33333331
RV8_RESULT,tvm,primes,21,264.64,264.39,0.23,0
33333331
RV8_RESULT,tvm,primes,22,264.29,264.04,0.23,0
33333331
RV8_RESULT,tvm,primes,23,264.29,264.03,0.24,0
33333331
RV8_RESULT,tvm,primes,24,264.17,263.93,0.22,0
33333331
RV8_RESULT,tvm,primes,25,265.02,264.78,0.23,0
33333331
RV8_RESULT,tvm,primes,26,265.26,265.01,0.23,0
33333331
RV8_RESULT,tvm,primes,27,264.95,264.70,0.23,0
33333331
RV8_RESULT,tvm,primes,28,264.73,264.49,0.22,0
33333331
RV8_RESULT,tvm,primes,29,265.66,265.41,0.23,0
33333331
RV8_RESULT,tvm,primes,30,266.59,266.36,0.21,0
3161985
RV8_RESULT,tvm,qsort,1,24.64,19.06,5.57,0
3161985
RV8_RESULT,tvm,qsort,2,24.85,19.01,5.83,0
3161985
RV8_RESULT,tvm,qsort,3,24.72,19.05,5.67,0
3161985
RV8_RESULT,tvm,qsort,4,24.80,19.00,5.79,0
3161985
RV8_RESULT,tvm,qsort,5,24.74,19.05,5.68,0
3161985
RV8_RESULT,tvm,qsort,6,26.22,20.61,5.60,0
3161985
RV8_RESULT,tvm,qsort,7,24.72,19.16,5.55,0
3161985
RV8_RESULT,tvm,qsort,8,24.83,19.15,5.67,0
3161985
RV8_RESULT,tvm,qsort,9,24.68,19.21,5.47,0
3161985
RV8_RESULT,tvm,qsort,10,24.71,19.12,5.58,0
3161985
RV8_RESULT,tvm,qsort,11,24.65,19.19,5.45,0
3161985
RV8_RESULT,tvm,qsort,12,24.85,19.17,5.66,0
3161985
RV8_RESULT,tvm,qsort,13,24.75,19.17,5.57,0
3161985
RV8_RESULT,tvm,qsort,14,24.83,19.20,5.62,0
3161985
RV8_RESULT,tvm,qsort,15,24.72,19.04,5.67,0
3161985
RV8_RESULT,tvm,qsort,16,25.85,20.15,5.69,0
3161985
RV8_RESULT,tvm,qsort,17,24.57,18.97,5.60,0
3161985
RV8_RESULT,tvm,qsort,18,24.94,19.06,5.87,0
3161985
RV8_RESULT,tvm,qsort,19,24.67,19.12,5.55,0
3161985
RV8_RESULT,tvm,qsort,20,24.67,19.14,5.52,0
3161985
RV8_RESULT,tvm,qsort,21,24.74,19.13,5.61,0
3161985
RV8_RESULT,tvm,qsort,22,24.75,19.04,5.70,0
3161985
RV8_RESULT,tvm,qsort,23,24.73,19.10,5.63,0
3161985
RV8_RESULT,tvm,qsort,24,24.73,19.00,5.72,0
3161985
RV8_RESULT,tvm,qsort,25,24.72,19.11,5.60,0
3161985
RV8_RESULT,tvm,qsort,26,24.73,18.99,5.73,0
3161985
RV8_RESULT,tvm,qsort,27,24.67,19.09,5.57,0
3161985
RV8_RESULT,tvm,qsort,28,24.83,19.16,5.67,0
3161985
RV8_RESULT,tvm,qsort,29,24.67,19.00,5.66,0
3161985
RV8_RESULT,tvm,qsort,30,24.65,19.09,5.55,0
ebdd6f20865ff41e3613b633b93c9b89c15d58fd9d64497f5b22554a7fe33757357cfa622f6fb4f40beadc02d18539ecd79e2da126b662839d296c41acbc2
RV8_RESULT,tvm,sha512,1,2.26,2.25,0.00,0
ebdd6f20865ff41e3613b633b93c9b89c15d58fd9d64497f5b22554a7fe33757357cfa622f6fb4f40beadc02d18539ecd79e2da126b662839d296c41acbc2
RV8_RESULT,tvm,sha512,2,2.23,2.22,0.01,0
ebdd6f20865ff41e3613b633b93c9b89c15d58fd9d64497f5b22554a7fe33757357cfa622f6fb4f40beadc02d18539ecd79e2da126b662839d296c41acbc2
RV8_RESULT,tvm,sha512,3,2.23,2.22,0.01,0
ebdd6f20865ff41e3613b633b93c9b89c15d58fd9d64497f5b22554a7fe33757357cfa622f6fb4f40beadc02d18539ecd79e2da126b662839d296c41acbc2
RV8_RESULT,tvm,sha512,4,2.26,2.24,0.01,0
ebdd6f20865ff41e3613b633b93c9b89c15d58fd9d64497f5b22554a7fe33757357cfa622f6fb4f40beadc02d18539ecd79e2da126b662839d296c41acbc2
RV8_RESULT,tvm,sha512,5,2.23,2.22,0.01,0
ebdd6f20865ff41e3613b633b93c9b89c15d58fd9d64497f5b22554a7fe33757357cfa622f6fb4f40beadc02d18539ecd79e2da126b662839d296c41acbc2
RV8_RESULT,tvm,sha512,6,2.24,2.22,0.01,0
ebdd6f20865ff41e3613b633b93c9b89c15d58fd9d64497f5b22554a7fe33757357cfa622f6fb4f40beadc02d18539ecd79e2da126b662839d296c41acbc2
RV8_RESULT,tvm,sha512,7,2.23,2.22,0.00,0
ebdd6f20865ff41e3613b633b93c9b89c15d58fd9d64497f5b22554a7fe33757357cfa622f6fb4f40beadc02d18539ecd79e2da126b662839d296c41acbc2
RV8_RESULT,tvm,sha512,8,2.23,2.22,0.00,0
ebdd6f20865ff41e3613b633b93c9b89c15d58fd9d64497f5b22554a7fe33757357cfa622f6fb4f40beadc02d18539ecd79e2da126b662839d296c41acbc2
RV8_RESULT,tvm,sha512,9,2.23,2.21,0.01,0
ebdd6f20865ff41e3613b633b93c9b89c15d58fd9d64497f5b22554a7fe33757357cfa622f6fb4f40beadc02d18539ecd79e2da126b662839d296c41acbc2
RV8_RESULT,tvm,sha512,10,2.23,2.21,0.01,0
ebdd6f20865ff41e3613b633b93c9b89c15d58fd9d64497f5b22554a7fe33757357cfa622f6fb4f40beadc02d18539ecd79e2da126b662839d296c41acbc2
RV8_RESULT,tvm,sha512,11,2.23,2.21,0.01,0
ebdd6f20865ff41e3613b633b93c9b89c15d58fd9d64497f5b22554a7fe33757357cfa622f6fb4f40beadc02d18539ecd79e2da126b662839d296c41acbc2
RV8_RESULT,tvm,sha512,12,2.23,2.22,0.01,0
ebdd6f20865ff41e3613b633b93c9b89c15d58fd9d64497f5b22554a7fe33757357cfa622f6fb4f40beadc02d18539ecd79e2da126b662839d296c41acbc2
RV8_RESULT,tvm,sha512,13,2.23,2.22,0.01,0
ebdd6f20865ff41e3613b633b93c9b89c15d58fd9d64497f5b22554a7fe33757357cfa622f6fb4f40beadc02d18539ecd79e2da126b662839d296c41acbc2
RV8_RESULT,tvm,sha512,14,2.23,2.22,0.01,0
ebdd6f20865ff41e3613b633b93c9b89c15d58fd9d64497f5b22554a7fe33757357cfa622f6fb4f40beadc02d18539ecd79e2da126b662839d296c41acbc2
RV8_RESULT,tvm,sha512,15,2.23,2.22,0.00,0
ebdd6f20865ff41e3613b633b93c9b89c15d58fd9d64497f5b22554a7fe33757357cfa622f6fb4f40beadc02d18539ecd79e2da126b662839d296c41acbc2
RV8_RESULT,tvm,sha512,16,2.23,2.22,0.01,0
ebdd6f20865ff41e3613b633b93c9b89c15d58fd9d64497f5b22554a7fe33757357cfa622f6fb4f40beadc02d18539ecd79e2da126b662839d296c41acbc2
RV8_RESULT,tvm,sha512,17,2.23,2.22,0.01,0
ebdd6f20865ff41e3613b633b93c9b89c15d58fd9d64497f5b22554a7fe33757357cfa622f6fb4f40beadc02d18539ecd79e2da126b662839d296c41acbc2
RV8_RESULT,tvm,sha512,18,2.23,2.21,0.01,0
ebdd6f20865ff41e3613b633b93c9b89c15d58fd9d64497f5b22554a7fe33757357cfa622f6fb4f40beadc02d18539ecd79e2da126b662839d296c41acbc2
RV8_RESULT,tvm,sha512,19,2.23,2.22,0.01,0
ebdd6f20865ff41e3613b633b93c9b89c15d58fd9d64497f5b22554a7fe33757357cfa622f6fb4f40beadc02d18539ecd79e2da126b662839d296c41acbc2
RV8_RESULT,tvm,sha512,20,2.23,2.22,0.01,0
ebdd6f20865ff41e3613b633b93c9b89c15d58fd9d64497f5b22554a7fe33757357cfa622f6fb4f40beadc02d18539ecd79e2da126b662839d296c41acbc2
RV8_RESULT,tvm,sha512,21,2.23,2.22,0.01,0
ebdd6f20865ff41e3613b633b93c9b89c15d58fd9d64497f5b22554a7fe33757357cfa622f6fb4f40beadc02d18539ecd79e2da126b662839d296c41acbc2
RV8_RESULT,tvm,sha512,22,2.23,2.22,0.00,0
ebdd6f20865ff41e3613b633b93c9b89c15d58fd9d64497f5b22554a7fe33757357cfa622f6fb4f40beadc02d18539ecd79e2da126b662839d296c41acbc2
RV8_RESULT,tvm,sha512,23,2.23,2.22,0.01,0
ebdd6f20865ff41e3613b633b93c9b89c15d58fd9d64497f5b22554a7fe33757357cfa622f6fb4f40beadc02d18539ecd79e2da126b662839d296c41acbc2
RV8_RESULT,tvm,sha512,24,2.23,2.22,0.01,0
ebdd6f20865ff41e3613b633b93c9b89c15d58fd9d64497f5b22554a7fe33757357cfa622f6fb4f40beadc02d18539ecd79e2da126b662839d296c41acbc2
RV8_RESULT,tvm,sha512,25,2.23,2.21,0.01,0
ebdd6f20865ff41e3613b633b93c9b89c15d58fd9d64497f5b22554a7fe33757357cfa622f6fb4f40beadc02d18539ecd79e2da126b662839d296c41acbc2
RV8_RESULT,tvm,sha512,26,2.23,2.22,0.01,0
ebdd6f20865ff41e3613b633b93c9b89c15d58fd9d64497f5b22554a7fe33757357cfa622f6fb4f40beadc02d18539ecd79e2da126b662839d296c41acbc2
RV8_RESULT,tvm,sha512,27,2.23,2.21,0.01,0
ebdd6f20865ff41e3613b633b93c9b89c15d58fd9d64497f5b22554a7fe33757357cfa622f6fb4f40beadc02d18539ecd79e2da126b662839d296c41acbc2
RV8_RESULT,tvm,sha512,28,2.23,2.22,0.01,0
ebdd6f20865ff41e3613b633b93c9b89c15d58fd9d64497f5b22554a7fe33757357cfa622f6fb4f40beadc02d18539ecd79e2da126b662839d296c41acbc2
RV8_RESULT,tvm,sha512,29,2.23,2.21,0.01,0
ebdd6f20865ff41e3613b633b93c9b89c15d58fd9d64497f5b22554a7fe33757357cfa622f6fb4f40beadc02d18539ecd79e2da126b662839d296c41acbc2
RV8_RESULT,tvm,sha512,30,2.23,2.22,0.01,0
reboot: Power down
===== TVM LINUX COMPLETE: 240 results =====
