===== NATIVE LINUX: direct QEMU, host CPU 0 =====

OpenSBI v1.7
   ____                    _____ ____ _____
  / __ \                  / ____|  _ \_   _|
 | |  | |_ __   ___ _ __ | (___ | |_) || |
 | |  | | '_ \ / _ \ '_ \ \___ \|  _ < | |
 | |__| | |_) |  __/ | | |____) | |_) || |_
  \____/| .__/ \___|_| |_|_____/|____/_____|
        | |
        |_|

Platform Name               : riscv-virtio,qemu
Platform Features           : medeleg
Platform HART Count         : 1
Platform IPI Device         : aclint-mswi
Platform Timer Device       : aclint-mtimer @ 10000000Hz
Platform Console Device     : uart8250
Platform HSM Device         : ---
Platform PMU Device         : ---
Platform Reboot Device      : syscon-reboot
Platform Shutdown Device    : syscon-poweroff
Platform Suspend Device     : ---
Platform CPPC Device        : ---
Firmware Base               : 0x80000000
Firmware Size               : 317 KB
Firmware RW Offset          : 0x40000
Firmware RW Size            : 61 KB
Firmware Heap Offset        : 0x46000
Firmware Heap Size          : 37 KB (total), 2 KB (reserved), 11 KB (used), 23 KB (free)
Firmware Scratch Size       : 4096 B (total), 1400 B (used), 2696 B (free)
Runtime SBI Version         : 3.0
Standard SBI Extensions     : time,rfnc,ipi,base,hsm,srst,pmu,dbcn,fwft,legacy,dbtr,sse
Experimental SBI Extensions : none

Domain0 Name                : root
Domain0 Boot HART           : 0
Domain0 HARTs               : 0*
Domain0 Region00            : 0x0000000000100000-0x0000000000100fff M: (I,R,W) S/U: (R,W)
Domain0 Region01            : 0x0000000010000000-0x0000000010000fff M: (I,R,W) S/U: (R,W)
Domain0 Region02            : 0x0000000002000000-0x000000000200ffff M: (I,R,W) S/U: ()
Domain0 Region03            : 0x0000000080040000-0x000000008004ffff M: (R,W) S/U: ()
Domain0 Region04            : 0x0000000080000000-0x000000008003ffff M: (R,X) S/U: ()
Domain0 Region05            : 0x000000000c400000-0x000000000c5fffff M: (I,R,W) S/U: (R,W)
Domain0 Region06            : 0x000000000c000000-0x000000000c3fffff M: (I,R,W) S/U: (R,W)
Domain0 Region07            : 0x0000000000000000-0xffffffffffffffff M: () S/U: (R,W,X)
Domain0 Next Address        : 0x0000000080200000
Domain0 Next Arg1           : 0x000000008fe00000
Domain0 Next Mode           : S-mode
Domain0 SysReset            : yes
Domain0 SysSuspend          : yes

Boot HART ID                : 0
Boot HART Domain            : root
Boot HART Priv Version      : v1.12
Boot HART Base ISA          : rv64imafdch
Boot HART ISA Extensions    : sstc,zicntr,zihpm,zicboz,zicbom,sdtrig,svadu
Boot HART PMP Count         : 16
Boot HART PMP Granularity   : 2 bits
Boot HART PMP Address Bits  : 54
Boot HART MHPM Info         : 16 (0x0007fff8)
Boot HART Debug Triggers    : 2 triggers
Boot HART MIDELEG           : 0x0000000000001666
Boot HART MEDELEG           : 0x0000000000f4b509
Linux version 7.1.0 (giuseppe@taurino) (riscv64-unknown-linux-gnu-gcc (g1b306039a) 15.1.0, GNU ld (GNU Binutils) 2.45) #8 PREEMPT Mon Aug 10 14:00:03 CEST 2026
random: crng init done
Machine model: riscv-virtio,qemu
SBI specification v3.0 detected
SBI implementation ID=0x1 Version=0x10007
SBI TIME extension detected
SBI IPI extension detected
SBI RFENCE extension detected
SBI SRST extension detected
SBI DBCN extension detected
SBI FWFT extension detected
efi: UEFI not found.
OF: reserved mem: 0x0000000080000000..0x000000008003ffff (256 KiB) nomap non-reusable mmode_resv1@80000000
OF: reserved mem: 0x0000000080040000..0x000000008004ffff (64 KiB) nomap non-reusable mmode_resv0@80040000
riscv: base ISA extensions acdfhim
riscv: ELF capabilities acdfim
Ticket spinlock: enabled
Zone ranges:
  DMA32    [mem 0x0000000080000000-0x000000008fffffff]
  Normal   empty
Movable zone start for each node
Early memory node ranges
  node   0: [mem 0x0000000080000000-0x000000008004ffff]
  node   0: [mem 0x0000000080050000-0x000000008fffffff]
Initmem setup node 0 [mem 0x0000000080000000-0x000000008fffffff]
Kernel command line: console=ttyS0,115200 rv8.mode=native
printk: log buffer data + meta data: 131072 + 458752 = 589824 bytes
Dentry cache hash table entries: 32768 (order: 6, 262144 bytes, linear)
Inode-cache hash table entries: 16384 (order: 5, 131072 bytes, linear)
Built 1 zonelists, mobility grouping on.  Total pages: 65536
mem auto-init: stack:all(zero), heap alloc:off, heap free:off
SLUB: HWalign=64, Order=0-1, MinObjects=0, CPUs=1, Nodes=1
NR_IRQS: 64, nr_irqs: 64, preallocated irqs: 0
riscv-intc: 64 local interrupts mapped
clocksource: riscv_clocksource: mask: 0xffffffffffffffff max_cycles: 0x24e6a1710, max_idle_ns: 440795202120 ns
sched_clock: 64 bits at 10MHz, resolution 100ns, wraps every 4398046511100ns
riscv-timer: Timer interrupt in S-mode is available via sstc extension
Console: colour dummy device 80x25
Calibrating delay loop (skipped), value calculated using timer frequency.. 20.00 BogoMIPS (lpj=40000)
pid_max: default: 32768 minimum: 301
Mount-cache hash table entries: 512 (order: 0, 4096 bytes, linear)
Mountpoint-cache hash table entries: 512 (order: 0, 4096 bytes, linear)
VFS: Finished mounting rootfs on nullfs
ASID allocator using 16 bits (65536 entries)
EFI services will not be available.
Memory: 248340K/262144K available (1858K kernel code, 606K rwdata, 363K rodata, 230K init, 248K bss, 13136K reserved, 0K cma-reserved)
devtmpfs: initialized
clocksource: jiffies: mask: 0xffffffff max_cycles: 0xffffffff, max_idle_ns: 7645041785100000 ns
posixtimers hash table entries: 512 (order: 0, 4096 bytes, linear)
futex hash table entries: 256 (8192 bytes on 1 NUMA nodes, total 8 KiB, linear).
NET: Registered PF_NETLINK/PF_ROUTE protocol family
clocksource: Switched to clocksource riscv_clocksource
NET: Registered PF_INET protocol family
IP idents hash table entries: 4096 (order: 3, 32768 bytes, linear)
tcp_listen_portaddr_hash hash table entries: 512 (order: 0, 4096 bytes, linear)
Table-perturb hash table entries: 65536 (order: 6, 262144 bytes, linear)
TCP established hash table entries: 2048 (order: 2, 16384 bytes, linear)
TCP bind hash table entries: 2048 (order: 3, 32768 bytes, linear)
TCP: Hash tables configured (established 2048 bind 2048)
UDP hash table entries: 256 (order: 2, 16384 bytes, linear)
workingset: timestamp_bits=62 (anon: 58) max_order=16 bucket_order=0 (anon: 0)
Unpacking initramfs...
riscv-plic: plic@c000000: mapped 96 interrupts with 1 handlers for 2 contexts.
Serial: 8250/16550 driver, 4 ports, IRQ sharing disabled
printk: legacy console [ttyS0] disabled
10000000.serial: ttyS0 at MMIO 0x10000000 (irq = 1, base_baud = 230400) is a 16550A
printk: legacy console [ttyS0] enabled
NET: Registered PF_INET6 protocol family
Segment Routing with IPv6
In-situ OAM (IOAM) with IPv6
sit: IPv6, IPv4 and MPLS over IPv4 tunneling driver
cpu0: scalar unaligned word access speed is 6.95x byte access speed (fast)
clk: Disabling unused clocks
Freeing initrd memory: 4920K
Freeing unused kernel image (initmem) memory: 228K
Kernel memory protection not selected by kernel config.
Run /init as init process
0
RV8_RESULT,native,aes,1,5.84,5.31,0.52,0
0
RV8_RESULT,native,aes,2,5.79,5.30,0.48,0
0
RV8_RESULT,native,aes,3,5.74,5.22,0.51,0
0
RV8_RESULT,native,aes,4,5.73,5.20,0.53,0
0
RV8_RESULT,native,aes,5,5.73,5.27,0.46,0
23 ^ 111121 has 151317 digits
RV8_RESULT,native,bigint,1,3.00,2.98,0.01,0
23 ^ 111121 has 151317 digits
RV8_RESULT,native,bigint,2,2.95,2.94,0.01,0
23 ^ 111121 has 151317 digits
RV8_RESULT,native,bigint,3,2.95,2.93,0.01,0
23 ^ 111121 has 151317 digits
RV8_RESULT,native,bigint,4,2.95,2.93,0.01,0
23 ^ 111121 has 151317 digits
RV8_RESULT,native,bigint,5,2.95,2.94,0.00,0
Dhrystone(1.1-mc), 10000000 passes, 6672228 microseconds, 851 DMIPS
RV8_RESULT,native,dhrystone,1,6.70,6.69,0.00,0
Dhrystone(1.1-mc), 10000000 passes, 6647743 microseconds, 854 DMIPS
RV8_RESULT,native,dhrystone,2,6.65,6.65,0.00,0
Dhrystone(1.1-mc), 10000000 passes, 8532204 microseconds, 665 DMIPS
RV8_RESULT,native,dhrystone,3,8.54,8.53,0.00,0
Dhrystone(1.1-mc), 10000000 passes, 6655941 microseconds, 853 DMIPS
RV8_RESULT,native,dhrystone,4,6.66,6.65,0.00,0
Dhrystone(1.1-mc), 10000000 passes, 6670023 microseconds, 851 DMIPS
RV8_RESULT,native,dhrystone,5,6.67,6.67,0.00,0
miniz.c version: 10.0.0
Compressed from 8388608 to 3218050 bytes
Decompressed from 3218050 to 8388608 bytes
Success.
RV8_RESULT,native,miniz,1,8.22,8.10,0.11,0
miniz.c version: 10.0.0
Compressed from 8388608 to 3218050 bytes
Decompressed from 3218050 to 8388608 bytes
Success.
RV8_RESULT,native,miniz,2,8.11,7.98,0.12,0
miniz.c version: 10.0.0
Compressed from 8388608 to 3218050 bytes
Decompressed from 3218050 to 8388608 bytes
Success.
RV8_RESULT,native,miniz,3,8.06,7.96,0.10,0
miniz.c version: 10.0.0
Compressed from 8388608 to 3218050 bytes
Decompressed from 3218050 to 8388608 bytes
Success.
RV8_RESULT,native,miniz,4,8.12,8.03,0.09,0
miniz.c version: 10.0.0
Compressed from 8388608 to 3218050 bytes
Decompressed from 3218050 to 8388608 bytes
Success.
RV8_RESULT,native,miniz,5,8.08,7.95,0.12,0
0
RV8_RESULT,native,norx,1,1.81,1.29,0.51,0
0
RV8_RESULT,native,norx,2,1.82,1.27,0.54,0
0
RV8_RESULT,native,norx,3,1.80,1.31,0.48,0
0
RV8_RESULT,native,norx,4,1.79,1.21,0.58,0
0
RV8_RESULT,native,norx,5,1.79,1.24,0.54,0
33333331
RV8_RESULT,native,primes,1,128.05,127.95,0.09,0
33333331
RV8_RESULT,native,primes,2,127.21,127.07,0.12,0
33333331
RV8_RESULT,native,primes,3,130.77,130.71,0.05,0
33333331
RV8_RESULT,native,primes,4,129.51,129.43,0.06,0
33333331
RV8_RESULT,native,primes,5,128.97,128.93,0.03,0
3161985
RV8_RESULT,native,qsort,1,17.48,16.55,0.93,0
3161985
RV8_RESULT,native,qsort,2,17.27,16.31,0.95,0
3161985
RV8_RESULT,native,qsort,3,17.34,16.38,0.95,0
3161985
RV8_RESULT,native,qsort,4,17.35,16.40,0.95,0
3161985
RV8_RESULT,native,qsort,5,17.41,16.41,0.99,0
ebdd6f20865ff41e3613b633b93c9b89c15d58fd9d64497f5b22554a7fe33757357cfa622f6fb4f40beadc02d18539ecd79e2da126b662839d296c41acbc2
RV8_RESULT,native,sha512,1,2.25,2.25,0.00,0
ebdd6f20865ff41e3613b633b93c9b89c15d58fd9d64497f5b22554a7fe33757357cfa622f6fb4f40beadc02d18539ecd79e2da126b662839d296c41acbc2
RV8_RESULT,native,sha512,2,2.15,2.14,0.00,0
ebdd6f20865ff41e3613b633b93c9b89c15d58fd9d64497f5b22554a7fe33757357cfa622f6fb4f40beadc02d18539ecd79e2da126b662839d296c41acbc2
RV8_RESULT,native,sha512,3,2.15,2.14,0.00,0
ebdd6f20865ff41e3613b633b93c9b89c15d58fd9d64497f5b22554a7fe33757357cfa622f6fb4f40beadc02d18539ecd79e2da126b662839d296c41acbc2
RV8_RESULT,native,sha512,4,2.14,2.14,0.00,0
ebdd6f20865ff41e3613b633b93c9b89c15d58fd9d64497f5b22554a7fe33757357cfa622f6fb4f40beadc02d18539ecd79e2da126b662839d296c41acbc2
RV8_RESULT,native,sha512,5,2.16,2.15,0.00,0
reboot: Power down
===== NATIVE LINUX COMPLETE: 40 results =====
